// Jest Snapshot v1, https://goo.gl/fbAQLP

exports[`<TopStoriesContainer /> renders correctly 1`] = `
<Details
  details={Array []}
/>
`;
