// Jest Snapshot v1, https://goo.gl/fbAQLP

exports[`<TopStoriesContainer /> renders correctly 1`] = `
<div
  className="PaginationApp-pagination"
  id="page"
>
  <MuiPagination
    count={60}
    onChange={[Function]}
    page={1}
  />
</div>
`;
